{
  "crash_type": "Data race\nWRITE 8",
  "crash_state": "NULL"
}